../Core/Src/main.c:97:5:main	56	static
../Core/Src/main.c:177:6:SystemClock_Config	88	static
../Core/Src/main.c:224:13:MX_LPUART1_UART_Init	8	static
../Core/Src/main.c:271:13:MX_SPI2_Init	8	static
../Core/Src/main.c:311:13:MX_GPIO_Init	48	static
../Core/Src/main.c:360:6:print	16	static
../Core/Src/main.c:365:6:printValue	16	static
../Core/Src/main.c:370:6:printHex	16	static
../Core/Src/main.c:375:7:rand_float	16	static
../Core/Src/main.c:380:9:chooseRandomNumber	24	static
../Core/Src/main.c:392:6:copyArray	32	static
../Core/Src/main.c:398:6:generate_data	264	static
../Core/Src/main.c:465:6:Error_Handler	4	static,ignoring_inline_asm
