../Core/Src/nrf24.c:35:6:CS_Select	8	static
../Core/Src/nrf24.c:40:6:CS_UnSelect	8	static
../Core/Src/nrf24.c:46:6:CE_Enable	8	static
../Core/Src/nrf24.c:51:6:CE_Disable	8	static
../Core/Src/nrf24.c:59:6:nrf24_WriteReg	24	static
../Core/Src/nrf24.c:75:6:nrf24_WriteRegMulti	32	static
../Core/Src/nrf24.c:92:9:nrf24_ReadReg	24	static
../Core/Src/nrf24.c:110:6:nrf24_ReadReg_Multi	24	static
../Core/Src/nrf24.c:124:6:nrfsendCmd	16	static
../Core/Src/nrf24.c:135:6:nrf24_reset	40	static
../Core/Src/nrf24.c:183:6:NRF24_Init	8	static
../Core/Src/nrf24.c:223:6:NRF24_TxMode	24	static
../Core/Src/nrf24.c:246:9:NRF24_Transmit	24	static
../Core/Src/nrf24.c:283:6:NRF24_RxMode	24	static
../Core/Src/nrf24.c:323:9:isDataAvailable	24	static
../Core/Src/nrf24.c:339:6:NRF24_Receive	24	static
../Core/Src/nrf24.c:365:6:NRF24_ReadAll	32	static
